// Jest Snapshot v1, https://goo.gl/fbAQLP

exports[`App should render the dialog DOM as specified 1`] = `"<div class=\\"bp3-dialog-header\\"><h4 class=\\"bp3-heading\\">Resume Builder</h4></div><div class=\\"bp3-dialog-body\\"><h5 class=\\"bp3-heading\\">How it works</h5><ol><li>Log in using your LinkedIn profile</li><li>Check if your generated resume is to your liking</li><li>Create a PDF file</li><li>Good luck job hunting!</li></ol></div><div class=\\"bp3-dialog-footer\\" style=\\"text-align: right;\\"><a role=\\"button\\" type=\\"button\\" disabled=\\"\\" class=\\"bp3-button bp3-disabled bp3-intent-primary\\" tabindex=\\"-1\\"><span class=\\"bp3-button-text\\">Service Not Yet Available</span></a></div>"`;
